[2025-12-29 23:00:01] Starting common complaints update...
[2025-12-29 23:00:01] Database connection successful
[2025-12-29 23:00:01] WARNING: Seed file not found at: /home/hclinic/web/roaya.hclinic.clinic/public_html/app/Scripts/../Data/common_complaints.json
[2025-12-29 23:00:01] Found 51 unique complaints from database
[2025-12-29 23:00:02] Grouped to 29 common complaints
[2025-12-29 23:00:02] Successfully updated common complaints file
[2025-12-29 23:00:02] File saved to: /home/hclinic/web/roaya.hclinic.clinic/public_html/app/Scripts/../storage/common_complaints.json
[2025-12-29 23:00:02] Total occurrences: 183
[2025-12-29 23:00:02] Top complaint: 'Blured vision' (used 84 times)
[2025-12-29 23:00:02] Update completed successfully
[2025-12-30 23:00:01] Starting common complaints update...
[2025-12-30 23:00:01] Database connection successful
[2025-12-30 23:00:01] WARNING: Seed file not found at: /home/hclinic/web/roaya.hclinic.clinic/public_html/app/Scripts/../Data/common_complaints.json
[2025-12-30 23:00:01] Found 51 unique complaints from database
[2025-12-30 23:00:01] Grouped to 29 common complaints
[2025-12-30 23:00:01] Successfully updated common complaints file
[2025-12-30 23:00:01] File saved to: /home/hclinic/web/roaya.hclinic.clinic/public_html/app/Scripts/../storage/common_complaints.json
[2025-12-30 23:00:01] Total occurrences: 184
[2025-12-30 23:00:01] Top complaint: 'Blured vision' (used 84 times)
[2025-12-30 23:00:01] Update completed successfully
[2025-12-31 23:00:01] Starting common complaints update...
[2025-12-31 23:00:01] Database connection successful
[2025-12-31 23:00:01] WARNING: Seed file not found at: /home/hclinic/web/roaya.hclinic.clinic/public_html/app/Scripts/../Data/common_complaints.json
[2025-12-31 23:00:01] Found 51 unique complaints from database
[2025-12-31 23:00:01] Grouped to 29 common complaints
[2025-12-31 23:00:01] Successfully updated common complaints file
[2025-12-31 23:00:01] File saved to: /home/hclinic/web/roaya.hclinic.clinic/public_html/app/Scripts/../storage/common_complaints.json
[2025-12-31 23:00:01] Total occurrences: 184
[2025-12-31 23:00:01] Top complaint: 'Blured vision' (used 84 times)
[2025-12-31 23:00:01] Update completed successfully
[2026-01-01 23:00:01] Starting common complaints update...
[2026-01-01 23:00:01] Database connection successful
[2026-01-01 23:00:01] WARNING: Seed file not found at: /home/hclinic/web/roaya.hclinic.clinic/public_html/app/Scripts/../Data/common_complaints.json
[2026-01-01 23:00:01] Found 51 unique complaints from database
[2026-01-01 23:00:01] Grouped to 29 common complaints
[2026-01-01 23:00:01] Successfully updated common complaints file
[2026-01-01 23:00:01] File saved to: /home/hclinic/web/roaya.hclinic.clinic/public_html/app/Scripts/../storage/common_complaints.json
[2026-01-01 23:00:01] Total occurrences: 184
[2026-01-01 23:00:01] Top complaint: 'Blured vision' (used 84 times)
[2026-01-01 23:00:01] Update completed successfully
[2026-01-02 23:00:01] Starting common complaints update...
[2026-01-02 23:00:01] Database connection successful
[2026-01-02 23:00:01] WARNING: Seed file not found at: /home/hclinic/web/roaya.hclinic.clinic/public_html/app/Scripts/../Data/common_complaints.json
[2026-01-02 23:00:01] Found 51 unique complaints from database
[2026-01-02 23:00:01] Grouped to 29 common complaints
[2026-01-02 23:00:01] Successfully updated common complaints file
[2026-01-02 23:00:01] File saved to: /home/hclinic/web/roaya.hclinic.clinic/public_html/app/Scripts/../storage/common_complaints.json
[2026-01-02 23:00:01] Total occurrences: 184
[2026-01-02 23:00:01] Top complaint: 'Blured vision' (used 84 times)
[2026-01-02 23:00:01] Update completed successfully
[2026-01-03 23:00:01] Starting common complaints update...
[2026-01-03 23:00:01] Database connection successful
[2026-01-03 23:00:01] WARNING: Seed file not found at: /home/hclinic/web/roaya.hclinic.clinic/public_html/app/Scripts/../Data/common_complaints.json
[2026-01-03 23:00:01] Found 51 unique complaints from database
[2026-01-03 23:00:01] Grouped to 29 common complaints
[2026-01-03 23:00:01] Successfully updated common complaints file
[2026-01-03 23:00:01] File saved to: /home/hclinic/web/roaya.hclinic.clinic/public_html/app/Scripts/../storage/common_complaints.json
[2026-01-03 23:00:01] Total occurrences: 184
[2026-01-03 23:00:01] Top complaint: 'Blured vision' (used 84 times)
[2026-01-03 23:00:01] Update completed successfully
[2026-01-04 23:00:01] Starting common complaints update...
[2026-01-04 23:00:01] Database connection successful
[2026-01-04 23:00:01] WARNING: Seed file not found at: /home/hclinic/web/roaya.hclinic.clinic/public_html/app/Scripts/../Data/common_complaints.json
[2026-01-04 23:00:01] Found 51 unique complaints from database
[2026-01-04 23:00:01] Grouped to 29 common complaints
[2026-01-04 23:00:01] Successfully updated common complaints file
[2026-01-04 23:00:01] File saved to: /home/hclinic/web/roaya.hclinic.clinic/public_html/app/Scripts/../storage/common_complaints.json
[2026-01-04 23:00:01] Total occurrences: 184
[2026-01-04 23:00:01] Top complaint: 'Blured vision' (used 84 times)
[2026-01-04 23:00:01] Update completed successfully
[2026-01-05 23:00:01] Starting common complaints update...
[2026-01-05 23:00:01] Database connection successful
[2026-01-05 23:00:01] WARNING: Seed file not found at: /home/hclinic/web/roaya.hclinic.clinic/public_html/app/Scripts/../Data/common_complaints.json
[2026-01-05 23:00:01] Found 52 unique complaints from database
[2026-01-05 23:00:01] Grouped to 30 common complaints
[2026-01-05 23:00:01] Successfully updated common complaints file
[2026-01-05 23:00:01] File saved to: /home/hclinic/web/roaya.hclinic.clinic/public_html/app/Scripts/../storage/common_complaints.json
[2026-01-05 23:00:01] Total occurrences: 187
[2026-01-05 23:00:01] Top complaint: 'Blured vision' (used 85 times)
[2026-01-05 23:00:01] Update completed successfully
[2026-01-06 23:00:01] Starting common complaints update...
[2026-01-06 23:00:01] Database connection successful
[2026-01-06 23:00:01] WARNING: Seed file not found at: /home/hclinic/web/roaya.hclinic.clinic/public_html/app/Scripts/../Data/common_complaints.json
[2026-01-06 23:00:01] Found 53 unique complaints from database
[2026-01-06 23:00:01] Grouped to 30 common complaints
[2026-01-06 23:00:01] Successfully updated common complaints file
[2026-01-06 23:00:01] File saved to: /home/hclinic/web/roaya.hclinic.clinic/public_html/app/Scripts/../storage/common_complaints.json
[2026-01-06 23:00:01] Total occurrences: 189
[2026-01-06 23:00:01] Top complaint: 'Blured vision' (used 86 times)
[2026-01-06 23:00:01] Update completed successfully
[2026-01-07 23:00:01] Starting common complaints update...
[2026-01-07 23:00:01] Database connection successful
[2026-01-07 23:00:01] WARNING: Seed file not found at: /home/hclinic/web/roaya.hclinic.clinic/public_html/app/Scripts/../Data/common_complaints.json
[2026-01-07 23:00:01] Found 55 unique complaints from database
[2026-01-07 23:00:01] Grouped to 30 common complaints
[2026-01-07 23:00:01] Successfully updated common complaints file
[2026-01-07 23:00:01] File saved to: /home/hclinic/web/roaya.hclinic.clinic/public_html/app/Scripts/../storage/common_complaints.json
[2026-01-07 23:00:01] Total occurrences: 191
[2026-01-07 23:00:01] Top complaint: 'Blured vision' (used 86 times)
[2026-01-07 23:00:01] Update completed successfully
[2026-01-08 23:00:01] Starting common complaints update...
[2026-01-08 23:00:01] Database connection successful
[2026-01-08 23:00:01] WARNING: Seed file not found at: /home/hclinic/web/roaya.hclinic.clinic/public_html/app/Scripts/../Data/common_complaints.json
[2026-01-08 23:00:01] Found 56 unique complaints from database
[2026-01-08 23:00:01] Grouped to 30 common complaints
[2026-01-08 23:00:01] Successfully updated common complaints file
[2026-01-08 23:00:01] File saved to: /home/hclinic/web/roaya.hclinic.clinic/public_html/app/Scripts/../storage/common_complaints.json
[2026-01-08 23:00:01] Total occurrences: 195
[2026-01-08 23:00:01] Top complaint: 'Blured vision' (used 88 times)
[2026-01-08 23:00:01] Update completed successfully
[2026-01-09 23:00:01] Starting common complaints update...
[2026-01-09 23:00:01] Database connection successful
[2026-01-09 23:00:01] WARNING: Seed file not found at: /home/hclinic/web/roaya.hclinic.clinic/public_html/app/Scripts/../Data/common_complaints.json
[2026-01-09 23:00:01] Found 56 unique complaints from database
[2026-01-09 23:00:01] Grouped to 30 common complaints
[2026-01-09 23:00:01] Successfully updated common complaints file
[2026-01-09 23:00:01] File saved to: /home/hclinic/web/roaya.hclinic.clinic/public_html/app/Scripts/../storage/common_complaints.json
[2026-01-09 23:00:01] Total occurrences: 195
[2026-01-09 23:00:01] Top complaint: 'Blured vision' (used 88 times)
[2026-01-09 23:00:01] Update completed successfully
[2026-01-10 23:00:01] Starting common complaints update...
[2026-01-10 23:00:01] Database connection successful
[2026-01-10 23:00:01] WARNING: Seed file not found at: /home/hclinic/web/roaya.hclinic.clinic/public_html/app/Scripts/../Data/common_complaints.json
[2026-01-10 23:00:01] Found 56 unique complaints from database
[2026-01-10 23:00:01] Grouped to 30 common complaints
[2026-01-10 23:00:01] Successfully updated common complaints file
[2026-01-10 23:00:01] File saved to: /home/hclinic/web/roaya.hclinic.clinic/public_html/app/Scripts/../storage/common_complaints.json
[2026-01-10 23:00:01] Total occurrences: 195
[2026-01-10 23:00:01] Top complaint: 'Blured vision' (used 88 times)
[2026-01-10 23:00:01] Update completed successfully
[2026-01-11 23:00:01] Starting common complaints update...
[2026-01-11 23:00:01] Database connection successful
[2026-01-11 23:00:01] WARNING: Seed file not found at: /home/hclinic/web/roaya.hclinic.clinic/public_html/app/Scripts/../Data/common_complaints.json
[2026-01-11 23:00:01] Found 56 unique complaints from database
[2026-01-11 23:00:01] Grouped to 30 common complaints
[2026-01-11 23:00:01] Successfully updated common complaints file
[2026-01-11 23:00:01] File saved to: /home/hclinic/web/roaya.hclinic.clinic/public_html/app/Scripts/../storage/common_complaints.json
[2026-01-11 23:00:01] Total occurrences: 198
[2026-01-11 23:00:01] Top complaint: 'Blured vision' (used 90 times)
[2026-01-11 23:00:01] Update completed successfully
[2026-01-12 23:00:01] Starting common complaints update...
[2026-01-12 23:00:01] Database connection successful
[2026-01-12 23:00:01] WARNING: Seed file not found at: /home/hclinic/web/roaya.hclinic.clinic/public_html/app/Scripts/../Data/common_complaints.json
[2026-01-12 23:00:01] Found 56 unique complaints from database
[2026-01-12 23:00:01] Grouped to 30 common complaints
[2026-01-12 23:00:01] Successfully updated common complaints file
[2026-01-12 23:00:01] File saved to: /home/hclinic/web/roaya.hclinic.clinic/public_html/app/Scripts/../storage/common_complaints.json
[2026-01-12 23:00:01] Total occurrences: 198
[2026-01-12 23:00:01] Top complaint: 'Blured vision' (used 90 times)
[2026-01-12 23:00:01] Update completed successfully
[2026-01-13 23:00:01] Starting common complaints update...
[2026-01-13 23:00:01] Database connection successful
[2026-01-13 23:00:01] WARNING: Seed file not found at: /home/hclinic/web/roaya.hclinic.clinic/public_html/app/Scripts/../Data/common_complaints.json
[2026-01-13 23:00:01] Found 56 unique complaints from database
[2026-01-13 23:00:01] Grouped to 30 common complaints
[2026-01-13 23:00:01] Successfully updated common complaints file
[2026-01-13 23:00:01] File saved to: /home/hclinic/web/roaya.hclinic.clinic/public_html/app/Scripts/../storage/common_complaints.json
[2026-01-13 23:00:01] Total occurrences: 198
[2026-01-13 23:00:01] Top complaint: 'Blured vision' (used 90 times)
[2026-01-13 23:00:01] Update completed successfully
[2026-01-14 23:00:01] Starting common complaints update...
[2026-01-14 23:00:01] Database connection successful
[2026-01-14 23:00:01] WARNING: Seed file not found at: /home/hclinic/web/roaya.hclinic.clinic/public_html/app/Scripts/../Data/common_complaints.json
[2026-01-14 23:00:01] Found 58 unique complaints from database
[2026-01-14 23:00:01] Grouped to 30 common complaints
[2026-01-14 23:00:01] Successfully updated common complaints file
[2026-01-14 23:00:01] File saved to: /home/hclinic/web/roaya.hclinic.clinic/public_html/app/Scripts/../storage/common_complaints.json
[2026-01-14 23:00:01] Total occurrences: 202
[2026-01-14 23:00:01] Top complaint: 'Blured vision' (used 90 times)
[2026-01-14 23:00:01] Update completed successfully
[2026-01-15 23:00:01] Starting common complaints update...
[2026-01-15 23:00:01] Database connection successful
[2026-01-15 23:00:01] WARNING: Seed file not found at: /home/hclinic/web/roaya.hclinic.clinic/public_html/app/Scripts/../Data/common_complaints.json
[2026-01-15 23:00:01] Found 58 unique complaints from database
[2026-01-15 23:00:01] Grouped to 30 common complaints
[2026-01-15 23:00:01] Successfully updated common complaints file
[2026-01-15 23:00:01] File saved to: /home/hclinic/web/roaya.hclinic.clinic/public_html/app/Scripts/../storage/common_complaints.json
[2026-01-15 23:00:01] Total occurrences: 203
[2026-01-15 23:00:01] Top complaint: 'Blured vision' (used 90 times)
[2026-01-15 23:00:01] Update completed successfully
[2026-01-16 23:00:01] Starting common complaints update...
[2026-01-16 23:00:01] Database connection successful
[2026-01-16 23:00:01] WARNING: Seed file not found at: /home/hclinic/web/roaya.hclinic.clinic/public_html/app/Scripts/../Data/common_complaints.json
[2026-01-16 23:00:01] Found 58 unique complaints from database
[2026-01-16 23:00:01] Grouped to 30 common complaints
[2026-01-16 23:00:01] Successfully updated common complaints file
[2026-01-16 23:00:01] File saved to: /home/hclinic/web/roaya.hclinic.clinic/public_html/app/Scripts/../storage/common_complaints.json
[2026-01-16 23:00:01] Total occurrences: 203
[2026-01-16 23:00:01] Top complaint: 'Blured vision' (used 90 times)
[2026-01-16 23:00:01] Update completed successfully
[2026-01-17 23:00:01] Starting common complaints update...
[2026-01-17 23:00:01] Database connection successful
[2026-01-17 23:00:01] WARNING: Seed file not found at: /home/hclinic/web/roaya.hclinic.clinic/public_html/app/Scripts/../Data/common_complaints.json
[2026-01-17 23:00:01] Found 60 unique complaints from database
[2026-01-17 23:00:01] Grouped to 30 common complaints
[2026-01-17 23:00:02] Successfully updated common complaints file
[2026-01-17 23:00:02] File saved to: /home/hclinic/web/roaya.hclinic.clinic/public_html/app/Scripts/../storage/common_complaints.json
[2026-01-17 23:00:02] Total occurrences: 208
[2026-01-17 23:00:02] Top complaint: 'Blured vision' (used 91 times)
[2026-01-17 23:00:02] Update completed successfully
[2026-01-18 23:00:01] Starting common complaints update...
[2026-01-18 23:00:01] Database connection successful
[2026-01-18 23:00:01] WARNING: Seed file not found at: /home/hclinic/web/roaya.hclinic.clinic/public_html/app/Scripts/../Data/common_complaints.json
[2026-01-18 23:00:01] Found 60 unique complaints from database
[2026-01-18 23:00:01] Grouped to 30 common complaints
[2026-01-18 23:00:01] Successfully updated common complaints file
[2026-01-18 23:00:01] File saved to: /home/hclinic/web/roaya.hclinic.clinic/public_html/app/Scripts/../storage/common_complaints.json
[2026-01-18 23:00:01] Total occurrences: 209
[2026-01-18 23:00:01] Top complaint: 'Blured vision' (used 91 times)
[2026-01-18 23:00:01] Update completed successfully
[2026-01-19 23:00:01] Starting common complaints update...
[2026-01-19 23:00:01] Database connection successful
[2026-01-19 23:00:01] WARNING: Seed file not found at: /home/hclinic/web/roaya.hclinic.clinic/public_html/app/Scripts/../Data/common_complaints.json
[2026-01-19 23:00:01] Found 60 unique complaints from database
[2026-01-19 23:00:01] Grouped to 30 common complaints
[2026-01-19 23:00:01] Successfully updated common complaints file
[2026-01-19 23:00:01] File saved to: /home/hclinic/web/roaya.hclinic.clinic/public_html/app/Scripts/../storage/common_complaints.json
[2026-01-19 23:00:01] Total occurrences: 211
[2026-01-19 23:00:01] Top complaint: 'Blured vision' (used 92 times)
[2026-01-19 23:00:01] Update completed successfully
[2026-01-20 23:00:01] Starting common complaints update...
[2026-01-20 23:00:01] Database connection successful
[2026-01-20 23:00:01] WARNING: Seed file not found at: /home/hclinic/web/roaya.hclinic.clinic/public_html/app/Scripts/../Data/common_complaints.json
[2026-01-20 23:00:01] Found 62 unique complaints from database
[2026-01-20 23:00:01] Grouped to 30 common complaints
[2026-01-20 23:00:01] Successfully updated common complaints file
[2026-01-20 23:00:01] File saved to: /home/hclinic/web/roaya.hclinic.clinic/public_html/app/Scripts/../storage/common_complaints.json
[2026-01-20 23:00:01] Total occurrences: 216
[2026-01-20 23:00:01] Top complaint: 'Blured vision' (used 92 times)
[2026-01-20 23:00:01] Update completed successfully
[2026-01-21 23:00:02] Starting common complaints update...
[2026-01-21 23:00:02] Database connection successful
[2026-01-21 23:00:02] WARNING: Seed file not found at: /home/hclinic/web/roaya.hclinic.clinic/public_html/app/Scripts/../Data/common_complaints.json
[2026-01-21 23:00:02] Found 62 unique complaints from database
[2026-01-21 23:00:02] Grouped to 30 common complaints
[2026-01-21 23:00:02] Successfully updated common complaints file
[2026-01-21 23:00:02] File saved to: /home/hclinic/web/roaya.hclinic.clinic/public_html/app/Scripts/../storage/common_complaints.json
[2026-01-21 23:00:02] Total occurrences: 216
[2026-01-21 23:00:02] Top complaint: 'Blured vision' (used 92 times)
[2026-01-21 23:00:02] Update completed successfully
[2026-01-22 23:00:01] Starting common complaints update...
[2026-01-22 23:00:01] Database connection successful
[2026-01-22 23:00:01] WARNING: Seed file not found at: /home/hclinic/web/roaya.hclinic.clinic/public_html/app/Scripts/../Data/common_complaints.json
[2026-01-22 23:00:01] Found 62 unique complaints from database
[2026-01-22 23:00:01] Grouped to 30 common complaints
[2026-01-22 23:00:01] Successfully updated common complaints file
[2026-01-22 23:00:01] File saved to: /home/hclinic/web/roaya.hclinic.clinic/public_html/app/Scripts/../storage/common_complaints.json
[2026-01-22 23:00:01] Total occurrences: 216
[2026-01-22 23:00:01] Top complaint: 'Blured vision' (used 92 times)
[2026-01-22 23:00:01] Update completed successfully
[2026-01-23 23:00:01] Starting common complaints update...
[2026-01-23 23:00:01] Database connection successful
[2026-01-23 23:00:01] WARNING: Seed file not found at: /home/hclinic/web/roaya.hclinic.clinic/public_html/app/Scripts/../Data/common_complaints.json
[2026-01-23 23:00:01] Found 62 unique complaints from database
[2026-01-23 23:00:01] Grouped to 30 common complaints
[2026-01-23 23:00:01] Successfully updated common complaints file
[2026-01-23 23:00:01] File saved to: /home/hclinic/web/roaya.hclinic.clinic/public_html/app/Scripts/../storage/common_complaints.json
[2026-01-23 23:00:01] Total occurrences: 216
[2026-01-23 23:00:01] Top complaint: 'Blured vision' (used 92 times)
[2026-01-23 23:00:01] Update completed successfully
[2026-01-24 23:00:01] Starting common complaints update...
[2026-01-24 23:00:01] Database connection successful
[2026-01-24 23:00:01] WARNING: Seed file not found at: /home/hclinic/web/roaya.hclinic.clinic/public_html/app/Scripts/../Data/common_complaints.json
[2026-01-24 23:00:01] Found 63 unique complaints from database
[2026-01-24 23:00:01] Grouped to 30 common complaints
[2026-01-24 23:00:01] Successfully updated common complaints file
[2026-01-24 23:00:01] File saved to: /home/hclinic/web/roaya.hclinic.clinic/public_html/app/Scripts/../storage/common_complaints.json
[2026-01-24 23:00:01] Total occurrences: 219
[2026-01-24 23:00:01] Top complaint: 'Blured vision' (used 92 times)
[2026-01-24 23:00:01] Update completed successfully
